{
  "empty1": "",
  "empty2": "",
  "nomatch": "abcdefghij",
  "test": "abcdefghij",
  "void": "abcdefghij",
  "void1": "abcdefghij"
}
